---
source: crates/client/tests/render.rs
expression: "fixture.render(Size::new(80, 12))"
---
Buffer {
    area: Rect { x: 0, y: 0, width: 80, height: 12 },
    content: [
        "                                        ┌─────────────────────────────┌────────┐",
        "                                        │stays                        │        │",
        "                                        │         ┌──────────────────┐│        │",
        "                                        │         │lifted            ││        │",
        "                                        │         │                  ││        │",
        "                                        │         │                  ││        │",
        "                                        │         │                  ││        │",
        "                                        │         └──────────────────┘│        │",
        "                                        │                             │        │",
        "                                        │                             │        │",
        "                                        │                             │        │",
        "                                        └─────────────────────────────└────────┘",
    ],
    styles: [
        x: 0, y: 0, fg: Reset, bg: Reset, underline: Reset, modifier: NONE,
        x: 40, y: 0, fg: Reset, bg: Reset, underline: Reset, modifier: DIM,
        x: 70, y: 0, fg: Reset, bg: Reset, underline: Reset, modifier: BOLD,
        x: 0, y: 1, fg: Reset, bg: Reset, underline: Reset, modifier: NONE,
        x: 40, y: 1, fg: Reset, bg: Reset, underline: Reset, modifier: DIM,
        x: 41, y: 1, fg: Reset, bg: Reset, underline: Reset, modifier: NONE,
        x: 70, y: 1, fg: Reset, bg: Reset, underline: Reset, modifier: BOLD,
        x: 71, y: 1, fg: Reset, bg: Reset, underline: Reset, modifier: NONE,
        x: 79, y: 1, fg: Reset, bg: Reset, underline: Reset, modifier: BOLD,
        x: 0, y: 2, fg: Reset, bg: Reset, underline: Reset, modifier: NONE,
        x: 40, y: 2, fg: Reset, bg: Reset, underline: Reset, modifier: DIM,
        x: 41, y: 2, fg: Reset, bg: Reset, underline: Reset, modifier: NONE,
        x: 50, y: 2, fg: Reset, bg: Reset, underline: Reset, modifier: BOLD,
        x: 71, y: 2, fg: Reset, bg: Reset, underline: Reset, modifier: NONE,
        x: 79, y: 2, fg: Reset, bg: Reset, underline: Reset, modifier: BOLD,
        x: 0, y: 3, fg: Reset, bg: Reset, underline: Reset, modifier: NONE,
        x: 40, y: 3, fg: Reset, bg: Reset, underline: Reset, modifier: DIM,
        x: 41, y: 3, fg: Reset, bg: Reset, underline: Reset, modifier: NONE,
        x: 50, y: 3, fg: Reset, bg: Reset, underline: Reset, modifier: BOLD,
        x: 51, y: 3, fg: Reset, bg: Reset, underline: Reset, modifier: NONE,
        x: 69, y: 3, fg: Reset, bg: Reset, underline: Reset, modifier: BOLD,
        x: 71, y: 3, fg: Reset, bg: Reset, underline: Reset, modifier: NONE,
        x: 79, y: 3, fg: Reset, bg: Reset, underline: Reset, modifier: BOLD,
        x: 0, y: 4, fg: Reset, bg: Reset, underline: Reset, modifier: NONE,
        x: 40, y: 4, fg: Reset, bg: Reset, underline: Reset, modifier: DIM,
        x: 41, y: 4, fg: Reset, bg: Reset, underline: Reset, modifier: NONE,
        x: 50, y: 4, fg: Reset, bg: Reset, underline: Reset, modifier: BOLD,
        x: 51, y: 4, fg: Reset, bg: Reset, underline: Reset, modifier: NONE,
        x: 69, y: 4, fg: Reset, bg: Reset, underline: Reset, modifier: BOLD,
        x: 71, y: 4, fg: Reset, bg: Reset, underline: Reset, modifier: NONE,
        x: 79, y: 4, fg: Reset, bg: Reset, underline: Reset, modifier: BOLD,
        x: 0, y: 5, fg: Reset, bg: Reset, underline: Reset, modifier: NONE,
        x: 40, y: 5, fg: Reset, bg: Reset, underline: Reset, modifier: DIM,
        x: 41, y: 5, fg: Reset, bg: Reset, underline: Reset, modifier: NONE,
        x: 50, y: 5, fg: Reset, bg: Reset, underline: Reset, modifier: BOLD,
        x: 51, y: 5, fg: Reset, bg: Reset, underline: Reset, modifier: NONE,
        x: 69, y: 5, fg: Reset, bg: Reset, underline: Reset, modifier: BOLD,
        x: 71, y: 5, fg: Reset, bg: Reset, underline: Reset, modifier: NONE,
        x: 79, y: 5, fg: Reset, bg: Reset, underline: Reset, modifier: BOLD,
        x: 0, y: 6, fg: Reset, bg: Reset, underline: Reset, modifier: NONE,
        x: 40, y: 6, fg: Reset, bg: Reset, underline: Reset, modifier: DIM,
        x: 41, y: 6, fg: Reset, bg: Reset, underline: Reset, modifier: NONE,
        x: 50, y: 6, fg: Reset, bg: Reset, underline: Reset, modifier: BOLD,
        x: 51, y: 6, fg: Reset, bg: Reset, underline: Reset, modifier: NONE,
        x: 69, y: 6, fg: Reset, bg: Reset, underline: Reset, modifier: BOLD,
        x: 71, y: 6, fg: Reset, bg: Reset, underline: Reset, modifier: NONE,
        x: 79, y: 6, fg: Reset, bg: Reset, underline: Reset, modifier: BOLD,
        x: 0, y: 7, fg: Reset, bg: Reset, underline: Reset, modifier: NONE,
        x: 40, y: 7, fg: Reset, bg: Reset, underline: Reset, modifier: DIM,
        x: 41, y: 7, fg: Reset, bg: Reset, underline: Reset, modifier: NONE,
        x: 50, y: 7, fg: Reset, bg: Reset, underline: Reset, modifier: BOLD,
        x: 71, y: 7, fg: Reset, bg: Reset, underline: Reset, modifier: NONE,
        x: 79, y: 7, fg: Reset, bg: Reset, underline: Reset, modifier: BOLD,
        x: 0, y: 8, fg: Reset, bg: Reset, underline: Reset, modifier: NONE,
        x: 40, y: 8, fg: Reset, bg: Reset, underline: Reset, modifier: DIM,
        x: 41, y: 8, fg: Reset, bg: Reset, underline: Reset, modifier: NONE,
        x: 70, y: 8, fg: Reset, bg: Reset, underline: Reset, modifier: BOLD,
        x: 71, y: 8, fg: Reset, bg: Reset, underline: Reset, modifier: NONE,
        x: 79, y: 8, fg: Reset, bg: Reset, underline: Reset, modifier: BOLD,
        x: 0, y: 9, fg: Reset, bg: Reset, underline: Reset, modifier: NONE,
        x: 40, y: 9, fg: Reset, bg: Reset, underline: Reset, modifier: DIM,
        x: 41, y: 9, fg: Reset, bg: Reset, underline: Reset, modifier: NONE,
        x: 70, y: 9, fg: Reset, bg: Reset, underline: Reset, modifier: BOLD,
        x: 71, y: 9, fg: Reset, bg: Reset, underline: Reset, modifier: NONE,
        x: 79, y: 9, fg: Reset, bg: Reset, underline: Reset, modifier: BOLD,
        x: 0, y: 10, fg: Reset, bg: Reset, underline: Reset, modifier: NONE,
        x: 40, y: 10, fg: Reset, bg: Reset, underline: Reset, modifier: DIM,
        x: 41, y: 10, fg: Reset, bg: Reset, underline: Reset, modifier: NONE,
        x: 70, y: 10, fg: Reset, bg: Reset, underline: Reset, modifier: BOLD,
        x: 71, y: 10, fg: Reset, bg: Reset, underline: Reset, modifier: NONE,
        x: 79, y: 10, fg: Reset, bg: Reset, underline: Reset, modifier: BOLD,
        x: 0, y: 11, fg: Reset, bg: Reset, underline: Reset, modifier: NONE,
        x: 40, y: 11, fg: Reset, bg: Reset, underline: Reset, modifier: DIM,
        x: 70, y: 11, fg: Reset, bg: Reset, underline: Reset, modifier: BOLD,
    ]
}
cursor: None
