---
source: crates/client/tests/render.rs
expression: "fixture.render_drawn(Size::new(80, 8), &drawn)"
---
Buffer {
    area: Rect { x: 0, y: 0, width: 80, height: 8 },
    content: [
        "╭──────────────────────────────────────╮───────────────────╮                    ",
        "│focused                               │                   │                    ",
        "│                                      │                   │                    ",
        "│                                      │                   │                    ",
        "│                                      │                   │                    ",
        "│                                      │                   │                    ",
        "│                                      │                   │                    ",
        "╰──────────────────────────────────────╯───────────────────╯                    ",
    ],
    styles: [
        x: 0, y: 0, fg: Indexed(147), bg: Reset, underline: Reset, modifier: BOLD,
        x: 40, y: 0, fg: Reset, bg: Reset, underline: Reset, modifier: DIM,
        x: 60, y: 0, fg: Reset, bg: Reset, underline: Reset, modifier: NONE,
        x: 0, y: 1, fg: Indexed(147), bg: Reset, underline: Reset, modifier: BOLD,
        x: 1, y: 1, fg: Reset, bg: Reset, underline: Reset, modifier: NONE,
        x: 39, y: 1, fg: Indexed(147), bg: Reset, underline: Reset, modifier: BOLD,
        x: 40, y: 1, fg: Reset, bg: Reset, underline: Reset, modifier: NONE,
        x: 59, y: 1, fg: Reset, bg: Reset, underline: Reset, modifier: DIM,
        x: 60, y: 1, fg: Reset, bg: Reset, underline: Reset, modifier: NONE,
        x: 0, y: 2, fg: Indexed(147), bg: Reset, underline: Reset, modifier: BOLD,
        x: 1, y: 2, fg: Reset, bg: Reset, underline: Reset, modifier: NONE,
        x: 39, y: 2, fg: Indexed(147), bg: Reset, underline: Reset, modifier: BOLD,
        x: 40, y: 2, fg: Reset, bg: Reset, underline: Reset, modifier: NONE,
        x: 59, y: 2, fg: Reset, bg: Reset, underline: Reset, modifier: DIM,
        x: 60, y: 2, fg: Reset, bg: Reset, underline: Reset, modifier: NONE,
        x: 0, y: 3, fg: Indexed(147), bg: Reset, underline: Reset, modifier: BOLD,
        x: 1, y: 3, fg: Reset, bg: Reset, underline: Reset, modifier: NONE,
        x: 39, y: 3, fg: Indexed(147), bg: Reset, underline: Reset, modifier: BOLD,
        x: 40, y: 3, fg: Reset, bg: Reset, underline: Reset, modifier: NONE,
        x: 59, y: 3, fg: Reset, bg: Reset, underline: Reset, modifier: DIM,
        x: 60, y: 3, fg: Reset, bg: Reset, underline: Reset, modifier: NONE,
        x: 0, y: 4, fg: Indexed(147), bg: Reset, underline: Reset, modifier: BOLD,
        x: 1, y: 4, fg: Reset, bg: Reset, underline: Reset, modifier: NONE,
        x: 39, y: 4, fg: Indexed(147), bg: Reset, underline: Reset, modifier: BOLD,
        x: 40, y: 4, fg: Reset, bg: Reset, underline: Reset, modifier: NONE,
        x: 59, y: 4, fg: Reset, bg: Reset, underline: Reset, modifier: DIM,
        x: 60, y: 4, fg: Reset, bg: Reset, underline: Reset, modifier: NONE,
        x: 0, y: 5, fg: Indexed(147), bg: Reset, underline: Reset, modifier: BOLD,
        x: 1, y: 5, fg: Reset, bg: Reset, underline: Reset, modifier: NONE,
        x: 39, y: 5, fg: Indexed(147), bg: Reset, underline: Reset, modifier: BOLD,
        x: 40, y: 5, fg: Reset, bg: Reset, underline: Reset, modifier: NONE,
        x: 59, y: 5, fg: Reset, bg: Reset, underline: Reset, modifier: DIM,
        x: 60, y: 5, fg: Reset, bg: Reset, underline: Reset, modifier: NONE,
        x: 0, y: 6, fg: Indexed(147), bg: Reset, underline: Reset, modifier: BOLD,
        x: 1, y: 6, fg: Reset, bg: Reset, underline: Reset, modifier: NONE,
        x: 39, y: 6, fg: Indexed(147), bg: Reset, underline: Reset, modifier: BOLD,
        x: 40, y: 6, fg: Reset, bg: Reset, underline: Reset, modifier: NONE,
        x: 59, y: 6, fg: Reset, bg: Reset, underline: Reset, modifier: DIM,
        x: 60, y: 6, fg: Reset, bg: Reset, underline: Reset, modifier: NONE,
        x: 0, y: 7, fg: Indexed(147), bg: Reset, underline: Reset, modifier: BOLD,
        x: 40, y: 7, fg: Reset, bg: Reset, underline: Reset, modifier: DIM,
        x: 60, y: 7, fg: Reset, bg: Reset, underline: Reset, modifier: NONE,
    ]
}
cursor: None
